Last login: Sun Apr 16 10:10:43 on ttys000
ASPs-MacBook-Pro:~ asp$ source ~/flask_tutorial/env/bin/activate
(env) ASPs-MacBook-Pro:~ asp$ deactivate
ASPs-MacBook-Pro:~ asp$ ssh hduser@maltdashboard.dlinkddns.com
Warning: Permanently added the ECDSA host key for IP address '206.255.209.233' to the list of known hosts.
hduser@maltdashboard.dlinkddns.com's password: 
  ___                               ____  _    ___             
 / _ \ _ __ __ _ _ __   __ _  ___  |  _ \(_)  / _ \ _ __   ___ 
| | | | '__/ _` | '_ \ / _` |/ _ \ | |_) | | | | | | '_ \ / _ \
| |_| | | | (_| | | | | (_| |  __/ |  __/| | | |_| | | | |  __/
 \___/|_|  \__,_|_| |_|\__, |\___| |_|   |_|  \___/|_| |_|\___|
                       |___/                                   

Welcome to ARMBIAN 5.25 stable Debian GNU/Linux 8 (jessie) 3.4.113-sun8i   
System load:   0.00            	Up time:       1 hour		
Memory usage:  10 % of 494Mb  	IP:            192.168.0.110
CPU temp:      40Â°C           	
Usage of /:    13% of 15G    	

Last login: Sat Apr 15 22:42:11 2017 from 206.255.201.95
hduser@hadoopnode1:~$ ls $HADOOP_HOME
bin  include  libexec      logs        README.txt  share
etc  lib      LICENSE.txt  NOTICE.txt  sbin
hduser@hadoopnode1:~$ ls $HADOOP_HOME/sbin
distribute-exclude.sh    start-all.cmd        stop-balancer.sh
hadoop-daemon.sh         start-all.sh         stop-dfs.cmd
hadoop-daemons.sh        start-balancer.sh    stop-dfs.sh
hdfs-config.cmd          start-dfs.cmd        stop-secure-dns.sh
hdfs-config.sh           start-dfs.sh         stop-yarn.cmd
httpfs.sh                start-secure-dns.sh  stop-yarn.sh
kms.sh                   start-yarn.cmd       yarn-daemon.sh
mr-jobhistory-daemon.sh  start-yarn.sh        yarn-daemons.sh
refresh-namenodes.sh     stop-all.cmd
slaves.sh                stop-all.sh
hduser@hadoopnode1:~$ ls $HADOOP_HOME/sbin/start-dfs.sh
/opt/hadoop-2.7.3/sbin/start-dfs.sh
hduser@hadoopnode1:~$ $HADOOP_HOME/sbin/start-dfs.sh
Java HotSpot(TM) Client VM warning: You have loaded library /opt/hadoop-2.7.3/lib/native/libhadoop.so.1.0.0 which might have disabled stack guard. The VM will try to fix the stack guard now.
It's highly recommended that you fix the library with 'execstack -c <libfile>', or link it with '-z noexecstack'.
17/04/16 10:14:10 WARN util.NativeCodeLoader: Unable to load native-hadoop library for your platform... using builtin-java classes where applicable
Starting namenodes on [hadoopnode1]
hadoopnode1: starting namenode, logging to /opt/hadoop-2.7.3/logs/hadoop-hduser-namenode-hadoopnode1.out
hadoopnode1: starting datanode, logging to /opt/hadoop-2.7.3/logs/hadoop-hduser-datanode-hadoopnode1.out
hadoopnode2: ssh: connect to host hadoopnode2 port 22: No route to host
Starting secondary namenodes [0.0.0.0]
The authenticity of host '0.0.0.0 (0.0.0.0)' can't be established.
ECDSA key fingerprint is ad:7e:5f:e7:20:c1:25:53:9d:8b:4a:46:c7:11:26:59.
Are you sure you want to continue connecting (yes/no)? no
0.0.0.0: Host key verification failed.
Java HotSpot(TM) Client VM warning: You have loaded library /opt/hadoop-2.7.3/lib/native/libhadoop.so.1.0.0 which might have disabled stack guard. The VM will try to fix the stack guard now.
It's highly recommended that you fix the library with 'execstack -c <libfile>', or link it with '-z noexecstack'.
17/04/16 10:14:46 WARN util.NativeCodeLoader: Unable to load native-hadoop library for your platform... using builtin-java classes where applicable
hduser@hadoopnode1:~$ $HADOOP_HOME/sbin/start-yarn.sh
starting yarn daemons
starting resourcemanager, logging to /opt/hadoop-2.7.3/logs/yarn-hduser-resourcemanager-hadoopnode1.out
hadoopnode1: starting nodemanager, logging to /opt/hadoop-2.7.3/logs/yarn-hduser-nodemanager-hadoopnode1.out
hadoopnode2: ssh: connect to host hadoopnode2 port 22: No route to host
hduser@hadoopnode1:~$ jps
1072 NameNode
1238 DataNode
1691 NodeManager
2015 Jps
1519 ResourceManager
hduser@hadoopnode1:~$ ls
hduser@hadoopnode1:~$ mkdir HadoopData
hduser@hadoopnode1:~$ ls
HadoopData
hduser@hadoopnode1:~$ ls
HadoopData
hduser@hadoopnode1:~$ ls HadoopData
Iliad_Homer_1873.txt
hduser@hadoopnode1:~$ ls HadoopData
Iliad_Homer_1873.txt  SocietyInFrance_Tocqueville.txt
hduser@hadoopnode1:~$ man hdfs
No manual entry for hdfs
See 'man 7 undocumented' for help when manual pages are not available.
hduser@hadoopnode1:~$ hdfs
Usage: hdfs [--config confdir] [--loglevel loglevel] COMMAND
       where COMMAND is one of:
  dfs                  run a filesystem command on the file systems supported in Hadoop.
  classpath            prints the classpath
  namenode -format     format the DFS filesystem
  secondarynamenode    run the DFS secondary namenode
  namenode             run the DFS namenode
  journalnode          run the DFS journalnode
  zkfc                 run the ZK Failover Controller daemon
  datanode             run a DFS datanode
  dfsadmin             run a DFS admin client
  haadmin              run a DFS HA admin client
  fsck                 run a DFS filesystem checking utility
  balancer             run a cluster balancing utility
  jmxget               get JMX exported values from NameNode or DataNode.
  mover                run a utility to move block replicas across
                       storage types
  oiv                  apply the offline fsimage viewer to an fsimage
  oiv_legacy           apply the offline fsimage viewer to an legacy fsimage
  oev                  apply the offline edits viewer to an edits file
  fetchdt              fetch a delegation token from the NameNode
  getconf              get config values from configuration
  groups               get the groups which users belong to
  snapshotDiff         diff two snapshots of a directory or diff the
                       current directory contents with a snapshot
  lsSnapshottableDir   list all snapshottable dirs owned by the current user
						Use -help to see options
  portmap              run a portmap service
  nfs3                 run an NFS version 3 gateway
  cacheadmin           configure the HDFS cache
  crypto               configure HDFS encryption zones
  storagepolicies      list/get/set block storage policies
  version              print the version

Most commands print help when invoked w/o parameters.
hduser@hadoopnode1:~$ hdfs dfs -put
-put: Not enough arguments: expected 1 but got 0
Usage: hadoop fs [generic options] -put [-f] [-p] [-l] <localsrc> ... <dst>
hduser@hadoopnode1:~$ man hdfs dfs
No manual entry for hdfs
See 'man 7 undocumented' for help when manual pages are not available.
No manual entry for dfs
hduser@hadoopnode1:~$ hdfs dfs -put HadoopData/Iliad_Homer_1873.txt /tmp
Java HotSpot(TM) Client VM warning: You have loaded library /opt/hadoop-2.7.3/lib/native/libhadoop.so.1.0.0 which might have disabled stack guard. The VM will try to fix the stack guard now.
It's highly recommended that you fix the library with 'execstack -c <libfile>', or link it with '-z noexecstack'.
17/04/16 10:33:07 WARN util.NativeCodeLoader: Unable to load native-hadoop library for your platform... using builtin-java classes where applicable
hduser@hadoopnode1:~$ hdfs dfs -ls
Java HotSpot(TM) Client VM warning: You have loaded library /opt/hadoop-2.7.3/lib/native/libhadoop.so.1.0.0 which might have disabled stack guard. The VM will try to fix the stack guard now.
It's highly recommended that you fix the library with 'execstack -c <libfile>', or link it with '-z noexecstack'.
17/04/16 10:33:31 WARN util.NativeCodeLoader: Unable to load native-hadoop library for your platform... using builtin-java classes where applicable
ls: `.': No such file or directory
hduser@hadoopnode1:~$ hdfs dfs -ls /tmp
Java HotSpot(TM) Client VM warning: You have loaded library /opt/hadoop-2.7.3/lib/native/libhadoop.so.1.0.0 which might have disabled stack guard. The VM will try to fix the stack guard now.
It's highly recommended that you fix the library with 'execstack -c <libfile>', or link it with '-z noexecstack'.
17/04/16 10:33:51 WARN util.NativeCodeLoader: Unable to load native-hadoop library for your platform... using builtin-java classes where applicable
-rw-r--r--   2 hduser supergroup    1111193 2017-04-16 10:33 /tmp
hduser@hadoopnode1:~$ hdfs dfs -ls /tmp/
Java HotSpot(TM) Client VM warning: You have loaded library /opt/hadoop-2.7.3/lib/native/libhadoop.so.1.0.0 which might have disabled stack guard. The VM will try to fix the stack guard now.
It's highly recommended that you fix the library with 'execstack -c <libfile>', or link it with '-z noexecstack'.
17/04/16 10:34:12 WARN util.NativeCodeLoader: Unable to load native-hadoop library for your platform... using builtin-java classes where applicable
-rw-r--r--   2 hduser supergroup    1111193 2017-04-16 10:33 /tmp
hduser@hadoopnode1:~$ hdfs dfs -ls /
Java HotSpot(TM) Client VM warning: You have loaded library /opt/hadoop-2.7.3/lib/native/libhadoop.so.1.0.0 which might have disabled stack guard. The VM will try to fix the stack guard now.
It's highly recommended that you fix the library with 'execstack -c <libfile>', or link it with '-z noexecstack'.
17/04/16 10:35:14 WARN util.NativeCodeLoader: Unable to load native-hadoop library for your platform... using builtin-java classes where applicable
Found 1 items
-rw-r--r--   2 hduser supergroup    1111193 2017-04-16 10:33 /tmp
hduser@hadoopnode1:~$ hdfs dfs -put HadoopData/Iliad_Homer_1873.txt /tmp/Iliad_Homer_1873.txt
Java HotSpot(TM) Client VM warning: You have loaded library /opt/hadoop-2.7.3/lib/native/libhadoop.so.1.0.0 which might have disabled stack guard. The VM will try to fix the stack guard now.
It's highly recommended that you fix the library with 'execstack -c <libfile>', or link it with '-z noexecstack'.
17/04/16 10:36:04 WARN util.NativeCodeLoader: Unable to load native-hadoop library for your platform... using builtin-java classes where applicable
put: Current inode is not a directory: tmp(INodeFile@98e2b5), parentDir=/
hduser@hadoopnode1:~$ hdfs dfs -ls /
Java HotSpot(TM) Client VM warning: You have loaded library /opt/hadoop-2.7.3/lib/native/libhadoop.so.1.0.0 which might have disabled stack guard. The VM will try to fix the stack guard now.
It's highly recommended that you fix the library with 'execstack -c <libfile>', or link it with '-z noexecstack'.
17/04/16 10:36:31 WARN util.NativeCodeLoader: Unable to load native-hadoop library for your platform... using builtin-java classes where applicable
Found 1 items
-rw-r--r--   2 hduser supergroup    1111193 2017-04-16 10:33 /tmp
hduser@hadoopnode1:~$ hdfs dfs -put HadoopData/Iliad_Homer_1873.txt /gutenberg/Iliad_Homer_1873.txt
Java HotSpot(TM) Client VM warning: You have loaded library /opt/hadoop-2.7.3/lib/native/libhadoop.so.1.0.0 which might have disabled stack guard. The VM will try to fix the stack guard now.
It's highly recommended that you fix the library with 'execstack -c <libfile>', or link it with '-z noexecstack'.
17/04/16 10:37:10 WARN util.NativeCodeLoader: Unable to load native-hadoop library for your platform... using builtin-java classes where applicable
put: `/gutenberg/Iliad_Homer_1873.txt': No such file or directory
hduser@hadoopnode1:~$ hdfs dfs -ls
Java HotSpot(TM) Client VM warning: You have loaded library /opt/hadoop-2.7.3/lib/native/libhadoop.so.1.0.0 which might have disabled stack guard. The VM will try to fix the stack guard now.
It's highly recommended that you fix the library with 'execstack -c <libfile>', or link it with '-z noexecstack'.
17/04/16 10:37:48 WARN util.NativeCodeLoader: Unable to load native-hadoop library for your platform... using builtin-java classes where applicable
ls: `.': No such file or directory
hduser@hadoopnode1:~$ hdfs dfs -ls /tmp
Java HotSpot(TM) Client VM warning: You have loaded library /opt/hadoop-2.7.3/lib/native/libhadoop.so.1.0.0 which might have disabled stack guard. The VM will try to fix the stack guard now.
It's highly recommended that you fix the library with 'execstack -c <libfile>', or link it with '-z noexecstack'.
17/04/16 10:38:18 WARN util.NativeCodeLoader: Unable to load native-hadoop library for your platform... using builtin-java classes where applicable
-rw-r--r--   2 hduser supergroup    1111193 2017-04-16 10:33 /tmp
hduser@hadoopnode1:~$ hdfs dfs -R /
-R: Unknown command
hduser@hadoopnode1:~$ hdfs dfs -ls -R /
Java HotSpot(TM) Client VM warning: You have loaded library /opt/hadoop-2.7.3/lib/native/libhadoop.so.1.0.0 which might have disabled stack guard. The VM will try to fix the stack guard now.
It's highly recommended that you fix the library with 'execstack -c <libfile>', or link it with '-z noexecstack'.
17/04/16 10:40:36 WARN util.NativeCodeLoader: Unable to load native-hadoop library for your platform... using builtin-java classes where applicable
-rw-r--r--   2 hduser supergroup    1111193 2017-04-16 10:33 /tmp
hduser@hadoopnode1:~$ hdfs dfs -put HadoopData/SocietyInFrance_Tocqueville.txt /tmp/SocietyInFrance_Tocqueville.txt
Java HotSpot(TM) Client VM warning: You have loaded library /opt/hadoop-2.7.3/lib/native/libhadoop.so.1.0.0 which might have disabled stack guard. The VM will try to fix the stack guard now.
It's highly recommended that you fix the library with 'execstack -c <libfile>', or link it with '-z noexecstack'.
17/04/16 10:43:22 WARN util.NativeCodeLoader: Unable to load native-hadoop library for your platform... using builtin-java classes where applicable
put: Current inode is not a directory: tmp(INodeFile@98e2b5), parentDir=/
hduser@hadoopnode1:~$ hdfs dfs -lsr
lsr: DEPRECATED: Please use 'ls -R' instead.
Java HotSpot(TM) Client VM warning: You have loaded library /opt/hadoop-2.7.3/lib/native/libhadoop.so.1.0.0 which might have disabled stack guard. The VM will try to fix the stack guard now.
It's highly recommended that you fix the library with 'execstack -c <libfile>', or link it with '-z noexecstack'.
17/04/16 10:46:23 WARN util.NativeCodeLoader: Unable to load native-hadoop library for your platform... using builtin-java classes where applicable
lsr: `.': No such file or directory
hduser@hadoopnode1:~$ hdfs dfs -lsr /
lsr: DEPRECATED: Please use 'ls -R' instead.
Java HotSpot(TM) Client VM warning: You have loaded library /opt/hadoop-2.7.3/lib/native/libhadoop.so.1.0.0 which might have disabled stack guard. The VM will try to fix the stack guard now.
It's highly recommended that you fix the library with 'execstack -c <libfile>', or link it with '-z noexecstack'.
17/04/16 10:46:40 WARN util.NativeCodeLoader: Unable to load native-hadoop library for your platform... using builtin-java classes where applicable
-rw-r--r--   2 hduser supergroup    1111193 2017-04-16 10:33 /tmp
hduser@hadoopnode1:~$ hdfs dfs -mkdir /gutenberg
Java HotSpot(TM) Client VM warning: You have loaded library /opt/hadoop-2.7.3/lib/native/libhadoop.so.1.0.0 which might have disabled stack guard. The VM will try to fix the stack guard now.
It's highly recommended that you fix the library with 'execstack -c <libfile>', or link it with '-z noexecstack'.
17/04/16 10:48:37 WARN util.NativeCodeLoader: Unable to load native-hadoop library for your platform... using builtin-java classes where applicable
hduser@hadoopnode1:~$ hdfs dfs -lsr /
lsr: DEPRECATED: Please use 'ls -R' instead.
Java HotSpot(TM) Client VM warning: You have loaded library /opt/hadoop-2.7.3/lib/native/libhadoop.so.1.0.0 which might have disabled stack guard. The VM will try to fix the stack guard now.
It's highly recommended that you fix the library with 'execstack -c <libfile>', or link it with '-z noexecstack'.
17/04/16 10:48:58 WARN util.NativeCodeLoader: Unable to load native-hadoop library for your platform... using builtin-java classes where applicable
drwxr-xr-x   - hduser supergroup          0 2017-04-16 10:48 /gutenberg
-rw-r--r--   2 hduser supergroup    1111193 2017-04-16 10:33 /tmp
hduser@hadoopnode1:~$ hdfs dfs -put HadoopData/Iliad_Homer_1873.txt /gutenberg/Homer_Iliad_1873.txt
Java HotSpot(TM) Client VM warning: You have loaded library /opt/hadoop-2.7.3/lib/native/libhadoop.so.1.0.0 which might have disabled stack guard. The VM will try to fix the stack guard now.
It's highly recommended that you fix the library with 'execstack -c <libfile>', or link it with '-z noexecstack'.
17/04/16 10:50:07 WARN util.NativeCodeLoader: Unable to load native-hadoop library for your platform... using builtin-java classes where applicable
hduser@hadoopnode1:~$ hdfs dfs -ls -R /
Java HotSpot(TM) Client VM warning: You have loaded library /opt/hadoop-2.7.3/lib/native/libhadoop.so.1.0.0 which might have disabled stack guard. The VM will try to fix the stack guard now.
It's highly recommended that you fix the library with 'execstack -c <libfile>', or link it with '-z noexecstack'.
17/04/16 10:50:42 WARN util.NativeCodeLoader: Unable to load native-hadoop library for your platform... using builtin-java classes where applicable
drwxr-xr-x   - hduser supergroup          0 2017-04-16 10:50 /gutenberg
-rw-r--r--   2 hduser supergroup    1111193 2017-04-16 10:50 /gutenberg/Homer_Iliad_1873.txt
-rw-r--r--   2 hduser supergroup    1111193 2017-04-16 10:33 /tmp
hduser@hadoopnode1:~$ hdfs dfs -put HadoopData/SocietyInFrance_Tocqueville.txt /gutenberg/SocietyInFrance_Tocqueville.txt
Java HotSpot(TM) Client VM warning: You have loaded library /opt/hadoop-2.7.3/lib/native/libhadoop.so.1.0.0 which might have disabled stack guard. The VM will try to fix the stack guard now.
It's highly recommended that you fix the library with 'execstack -c <libfile>', or link it with '-z noexecstack'.
17/04/16 10:51:55 WARN util.NativeCodeLoader: Unable to load native-hadoop library for your platform... using builtin-java classes where applicable
hduser@hadoopnode1:~$ hdfs dfs -ls -R /
Java HotSpot(TM) Client VM warning: You have loaded library /opt/hadoop-2.7.3/lib/native/libhadoop.so.1.0.0 which might have disabled stack guard. The VM will try to fix the stack guard now.
It's highly recommended that you fix the library with 'execstack -c <libfile>', or link it with '-z noexecstack'.
17/04/16 10:52:14 WARN util.NativeCodeLoader: Unable to load native-hadoop library for your platform... using builtin-java classes where applicable
drwxr-xr-x   - hduser supergroup          0 2017-04-16 10:52 /gutenberg
-rw-r--r--   2 hduser supergroup    1111193 2017-04-16 10:50 /gutenberg/Homer_Iliad_1873.txt
-rw-r--r--   2 hduser supergroup     866960 2017-04-16 10:52 /gutenberg/SocietyInFrance_Tocqueville.txt
-rw-r--r--   2 hduser supergroup    1111193 2017-04-16 10:33 /tmp
hduser@hadoopnode1:~$ packet_write_wait: Connection to 206.255.209.233 port 22: Broken pipe
ASPs-MacBook-Pro:~ asp$ ssh hduser@maltdashboard.dlinkddns.com
hduser@maltdashboard.dlinkddns.com's password: 
  ___                               ____  _    ___             
 / _ \ _ __ __ _ _ __   __ _  ___  |  _ \(_)  / _ \ _ __   ___ 
| | | | '__/ _` | '_ \ / _` |/ _ \ | |_) | | | | | | '_ \ / _ \
| |_| | | | (_| | | | | (_| |  __/ |  __/| | | |_| | | | |  __/
 \___/|_|  \__,_|_| |_|\__, |\___| |_|   |_|  \___/|_| |_|\___|
                       |___/                                   

Welcome to ARMBIAN 5.25 stable Debian GNU/Linux 8 (jessie) 3.4.113-sun8i   
System load:   0.08            	Up time:       2 hours		
Memory usage:  66 % of 494Mb  	IP:            192.168.0.110
CPU temp:      42Â°C           	
Usage of /:    13% of 15G    	

Last login: Sun Apr 16 10:13:02 2017 from 206.255.201.95
hduser@hadoopnode1:~$ ls $HADOOP_HOME
bin  include  libexec      logs        README.txt  share
etc  lib      LICENSE.txt  NOTICE.txt  sbin
hduser@hadoopnode1:~$ cd $HADOOP_HOME/share
hduser@hadoopnode1:/opt/hadoop-2.7.3/share$ ls
doc  hadoop
hduser@hadoopnode1:/opt/hadoop-2.7.3/share$ cd hadoop
hduser@hadoopnode1:/opt/hadoop-2.7.3/share/hadoop$ ls
common  hdfs  httpfs  kms  mapreduce  tools  yarn
hduser@hadoopnode1:/opt/hadoop-2.7.3/share/hadoop$ cd mapreduce
hduser@hadoopnode1:/opt/hadoop-2.7.3/share/hadoop/mapreduce$ ls
hadoop-mapreduce-client-app-2.7.3.jar
hadoop-mapreduce-client-common-2.7.3.jar
hadoop-mapreduce-client-core-2.7.3.jar
hadoop-mapreduce-client-hs-2.7.3.jar
hadoop-mapreduce-client-hs-plugins-2.7.3.jar
hadoop-mapreduce-client-jobclient-2.7.3.jar
hadoop-mapreduce-client-jobclient-2.7.3-tests.jar
hadoop-mapreduce-client-shuffle-2.7.3.jar
hadoop-mapreduce-examples-2.7.3.jar
lib
lib-examples
sources
hduser@hadoopnode1:/opt/hadoop-2.7.3/share/hadoop/mapreduce$ hadoop-mapreduce-examples-2.7.3.jar wordcount /gutenberg/Iliad_Homer_1873.txt /results/Iliad_Wordcount
-bash: hadoop-mapreduce-examples-2.7.3.jar: command not found
hduser@hadoopnode1:/opt/hadoop-2.7.3/share/hadoop/mapreduce$ hadoop jar hadoop-mapreduce-examples-2.7.3.jar wordcount /gutenberg/Iliad_Homer_1873.txt /results/Iliad_Wordcount
Java HotSpot(TM) Client VM warning: You have loaded library /opt/hadoop-2.7.3/lib/native/libhadoop.so.1.0.0 which might have disabled stack guard. The VM will try to fix the stack guard now.
It's highly recommended that you fix the library with 'execstack -c <libfile>', or link it with '-z noexecstack'.
17/04/16 11:07:13 WARN util.NativeCodeLoader: Unable to load native-hadoop library for your platform... using builtin-java classes where applicable
17/04/16 11:07:19 INFO client.RMProxy: Connecting to ResourceManager at hadoopnode1/192.168.0.110:8050
org.apache.hadoop.fs.FileAlreadyExistsException: Parent path is not a directory: /tmp hadoop-yarn
	at org.apache.hadoop.hdfs.server.namenode.FSDirMkdirOp.unprotectedMkdir(FSDirMkdirOp.java:231)
	at org.apache.hadoop.hdfs.server.namenode.FSDirMkdirOp.createSingleDirectory(FSDirMkdirOp.java:191)
	at org.apache.hadoop.hdfs.server.namenode.FSDirMkdirOp.createChildrenDirectories(FSDirMkdirOp.java:166)
	at org.apache.hadoop.hdfs.server.namenode.FSDirMkdirOp.mkdirs(FSDirMkdirOp.java:90)
	at org.apache.hadoop.hdfs.server.namenode.FSNamesystem.mkdirs(FSNamesystem.java:3896)
	at org.apache.hadoop.hdfs.server.namenode.NameNodeRpcServer.mkdirs(NameNodeRpcServer.java:984)
	at org.apache.hadoop.hdfs.protocolPB.ClientNamenodeProtocolServerSideTranslatorPB.mkdirs(ClientNamenodeProtocolServerSideTranslatorPB.java:622)
	at org.apache.hadoop.hdfs.protocol.proto.ClientNamenodeProtocolProtos$ClientNamenodeProtocol$2.callBlockingMethod(ClientNamenodeProtocolProtos.java)
	at org.apache.hadoop.ipc.ProtobufRpcEngine$Server$ProtoBufRpcInvoker.call(ProtobufRpcEngine.java:616)
	at org.apache.hadoop.ipc.RPC$Server.call(RPC.java:982)
	at org.apache.hadoop.ipc.Server$Handler$1.run(Server.java:2049)
	at org.apache.hadoop.ipc.Server$Handler$1.run(Server.java:2045)
	at java.security.AccessController.doPrivileged(Native Method)
	at javax.security.auth.Subject.doAs(Subject.java:422)
	at org.apache.hadoop.security.UserGroupInformation.doAs(UserGroupInformation.java:1698)
	at org.apache.hadoop.ipc.Server$Handler.run(Server.java:2043)

	at sun.reflect.NativeConstructorAccessorImpl.newInstance0(Native Method)
	at sun.reflect.NativeConstructorAccessorImpl.newInstance(NativeConstructorAccessorImpl.java:62)
	at sun.reflect.DelegatingConstructorAccessorImpl.newInstance(DelegatingConstructorAccessorImpl.java:45)
	at java.lang.reflect.Constructor.newInstance(Constructor.java:423)
	at org.apache.hadoop.ipc.RemoteException.instantiateException(RemoteException.java:106)
	at org.apache.hadoop.ipc.RemoteException.unwrapRemoteException(RemoteException.java:73)
	at org.apache.hadoop.hdfs.DFSClient.primitiveMkdir(DFSClient.java:3002)
	at org.apache.hadoop.hdfs.DFSClient.mkdirs(DFSClient.java:2970)
	at org.apache.hadoop.hdfs.DistributedFileSystem$21.doCall(DistributedFileSystem.java:1047)
	at org.apache.hadoop.hdfs.DistributedFileSystem$21.doCall(DistributedFileSystem.java:1043)
	at org.apache.hadoop.fs.FileSystemLinkResolver.resolve(FileSystemLinkResolver.java:81)
	at org.apache.hadoop.hdfs.DistributedFileSystem.mkdirsInternal(DistributedFileSystem.java:1043)
	at org.apache.hadoop.hdfs.DistributedFileSystem.mkdirs(DistributedFileSystem.java:1036)
	at org.apache.hadoop.mapreduce.JobSubmissionFiles.getStagingDir(JobSubmissionFiles.java:133)
	at org.apache.hadoop.mapreduce.JobSubmitter.submitJobInternal(JobSubmitter.java:144)
	at org.apache.hadoop.mapreduce.Job$10.run(Job.java:1290)
	at org.apache.hadoop.mapreduce.Job$10.run(Job.java:1287)
	at java.security.AccessController.doPrivileged(Native Method)
	at javax.security.auth.Subject.doAs(Subject.java:422)
	at org.apache.hadoop.security.UserGroupInformation.doAs(UserGroupInformation.java:1698)
	at org.apache.hadoop.mapreduce.Job.submit(Job.java:1287)
	at org.apache.hadoop.mapreduce.Job.waitForCompletion(Job.java:1308)
	at org.apache.hadoop.examples.WordCount.main(WordCount.java:87)
	at sun.reflect.NativeMethodAccessorImpl.invoke0(Native Method)
	at sun.reflect.NativeMethodAccessorImpl.invoke(NativeMethodAccessorImpl.java:62)
	at sun.reflect.DelegatingMethodAccessorImpl.invoke(DelegatingMethodAccessorImpl.java:43)
	at java.lang.reflect.Method.invoke(Method.java:498)
	at org.apache.hadoop.util.ProgramDriver$ProgramDescription.invoke(ProgramDriver.java:71)
	at org.apache.hadoop.util.ProgramDriver.run(ProgramDriver.java:144)
	at org.apache.hadoop.examples.ExampleDriver.main(ExampleDriver.java:74)
	at sun.reflect.NativeMethodAccessorImpl.invoke0(Native Method)
	at sun.reflect.NativeMethodAccessorImpl.invoke(NativeMethodAccessorImpl.java:62)
	at sun.reflect.DelegatingMethodAccessorImpl.invoke(DelegatingMethodAccessorImpl.java:43)
	at java.lang.reflect.Method.invoke(Method.java:498)
	at org.apache.hadoop.util.RunJar.run(RunJar.java:221)
	at org.apache.hadoop.util.RunJar.main(RunJar.java:136)
Caused by: org.apache.hadoop.ipc.RemoteException(org.apache.hadoop.fs.FileAlreadyExistsException): Parent path is not a directory: /tmp hadoop-yarn
	at org.apache.hadoop.hdfs.server.namenode.FSDirMkdirOp.unprotectedMkdir(FSDirMkdirOp.java:231)
	at org.apache.hadoop.hdfs.server.namenode.FSDirMkdirOp.createSingleDirectory(FSDirMkdirOp.java:191)
	at org.apache.hadoop.hdfs.server.namenode.FSDirMkdirOp.createChildrenDirectories(FSDirMkdirOp.java:166)
	at org.apache.hadoop.hdfs.server.namenode.FSDirMkdirOp.mkdirs(FSDirMkdirOp.java:90)
	at org.apache.hadoop.hdfs.server.namenode.FSNamesystem.mkdirs(FSNamesystem.java:3896)
	at org.apache.hadoop.hdfs.server.namenode.NameNodeRpcServer.mkdirs(NameNodeRpcServer.java:984)
	at org.apache.hadoop.hdfs.protocolPB.ClientNamenodeProtocolServerSideTranslatorPB.mkdirs(ClientNamenodeProtocolServerSideTranslatorPB.java:622)
	at org.apache.hadoop.hdfs.protocol.proto.ClientNamenodeProtocolProtos$ClientNamenodeProtocol$2.callBlockingMethod(ClientNamenodeProtocolProtos.java)
	at org.apache.hadoop.ipc.ProtobufRpcEngine$Server$ProtoBufRpcInvoker.call(ProtobufRpcEngine.java:616)
	at org.apache.hadoop.ipc.RPC$Server.call(RPC.java:982)
	at org.apache.hadoop.ipc.Server$Handler$1.run(Server.java:2049)
	at org.apache.hadoop.ipc.Server$Handler$1.run(Server.java:2045)
	at java.security.AccessController.doPrivileged(Native Method)
	at javax.security.auth.Subject.doAs(Subject.java:422)
	at org.apache.hadoop.security.UserGroupInformation.doAs(UserGroupInformation.java:1698)
	at org.apache.hadoop.ipc.Server$Handler.run(Server.java:2043)

	at org.apache.hadoop.ipc.Client.call(Client.java:1475)
	at org.apache.hadoop.ipc.Client.call(Client.java:1412)
	at org.apache.hadoop.ipc.ProtobufRpcEngine$Invoker.invoke(ProtobufRpcEngine.java:229)
	at com.sun.proxy.$Proxy10.mkdirs(Unknown Source)
	at org.apache.hadoop.hdfs.protocolPB.ClientNamenodeProtocolTranslatorPB.mkdirs(ClientNamenodeProtocolTranslatorPB.java:558)
	at sun.reflect.NativeMethodAccessorImpl.invoke0(Native Method)
	at sun.reflect.NativeMethodAccessorImpl.invoke(NativeMethodAccessorImpl.java:62)
	at sun.reflect.DelegatingMethodAccessorImpl.invoke(DelegatingMethodAccessorImpl.java:43)
	at java.lang.reflect.Method.invoke(Method.java:498)
	at org.apache.hadoop.io.retry.RetryInvocationHandler.invokeMethod(RetryInvocationHandler.java:191)
	at org.apache.hadoop.io.retry.RetryInvocationHandler.invoke(RetryInvocationHandler.java:102)
	at com.sun.proxy.$Proxy11.mkdirs(Unknown Source)
	at org.apache.hadoop.hdfs.DFSClient.primitiveMkdir(DFSClient.java:3000)
	... 29 more
hduser@hadoopnode1:/opt/hadoop-2.7.3/share/hadoop/mapreduce$ hdfs dfs -ls /
Java HotSpot(TM) Client VM warning: You have loaded library /opt/hadoop-2.7.3/lib/native/libhadoop.so.1.0.0 which might have disabled stack guard. The VM will try to fix the stack guard now.
It's highly recommended that you fix the library with 'execstack -c <libfile>', or link it with '-z noexecstack'.
17/04/16 11:07:53 WARN util.NativeCodeLoader: Unable to load native-hadoop library for your platform... using builtin-java classes where applicable
Found 2 items
drwxr-xr-x   - hduser supergroup          0 2017-04-16 10:52 /gutenberg
-rw-r--r--   2 hduser supergroup    1111193 2017-04-16 10:33 /tmp
hduser@hadoopnode1:/opt/hadoop-2.7.3/share/hadoop/mapreduce$ hdfs dfs -ls /gutenberg
Java HotSpot(TM) Client VM warning: You have loaded library /opt/hadoop-2.7.3/lib/native/libhadoop.so.1.0.0 which might have disabled stack guard. The VM will try to fix the stack guard now.
It's highly recommended that you fix the library with 'execstack -c <libfile>', or link it with '-z noexecstack'.
17/04/16 11:09:31 WARN util.NativeCodeLoader: Unable to load native-hadoop library for your platform... using builtin-java classes where applicable
Found 2 items
-rw-r--r--   2 hduser supergroup    1111193 2017-04-16 10:50 /gutenberg/Homer_Iliad_1873.txt
-rw-r--r--   2 hduser supergroup     866960 2017-04-16 10:52 /gutenberg/SocietyInFrance_Tocqueville.txt
hduser@hadoopnode1:/opt/hadoop-2.7.3/share/hadoop/mapreduce$ ls
hadoop-mapreduce-client-app-2.7.3.jar
hadoop-mapreduce-client-common-2.7.3.jar
hadoop-mapreduce-client-core-2.7.3.jar
hadoop-mapreduce-client-hs-2.7.3.jar
hadoop-mapreduce-client-hs-plugins-2.7.3.jar
hadoop-mapreduce-client-jobclient-2.7.3.jar
hadoop-mapreduce-client-jobclient-2.7.3-tests.jar
hadoop-mapreduce-client-shuffle-2.7.3.jar
hadoop-mapreduce-examples-2.7.3.jar
lib
lib-examples
sources
hduser@hadoopnode1:/opt/hadoop-2.7.3/share/hadoop/mapreduce$ ls /
bin   dev  hdfs  lib         media  opt   root  sbin     srv  tmp  var
boot  etc  home  lost+found  mnt    proc  run   selinux  sys  usr
hduser@hadoopnode1:/opt/hadoop-2.7.3/share/hadoop/mapreduce$ find /results
find: `/results': No such file or directory
hduser@hadoopnode1:/opt/hadoop-2.7.3/share/hadoop/mapreduce$ find resulst
find: `resulst': No such file or directory
hduser@hadoopnode1:/opt/hadoop-2.7.3/share/hadoop/mapreduce$ find results
find: `results': No such file or directory
hduser@hadoopnode1:/opt/hadoop-2.7.3/share/hadoop/mapreduce$ hdfs dfs -ls -R /
Java HotSpot(TM) Client VM warning: You have loaded library /opt/hadoop-2.7.3/lib/native/libhadoop.so.1.0.0 which might have disabled stack guard. The VM will try to fix the stack guard now.
It's highly recommended that you fix the library with 'execstack -c <libfile>', or link it with '-z noexecstack'.
17/04/16 11:15:56 WARN util.NativeCodeLoader: Unable to load native-hadoop library for your platform... using builtin-java classes where applicable
drwxr-xr-x   - hduser supergroup          0 2017-04-16 10:52 /gutenberg
-rw-r--r--   2 hduser supergroup    1111193 2017-04-16 10:50 /gutenberg/Homer_Iliad_1873.txt
-rw-r--r--   2 hduser supergroup     866960 2017-04-16 10:52 /gutenberg/SocietyInFrance_Tocqueville.txt
-rw-r--r--   2 hduser supergroup    1111193 2017-04-16 10:33 /tmp
hduser@hadoopnode1:/opt/hadoop-2.7.3/share/hadoop/mapreduce$ hadoop jar pi 16 1000
Not a valid JAR: /opt/hadoop-2.7.3/share/hadoop/mapreduce/pi
hduser@hadoopnode1:/opt/hadoop-2.7.3/share/hadoop/mapreduce$ ls
hadoop-mapreduce-client-app-2.7.3.jar
hadoop-mapreduce-client-common-2.7.3.jar
hadoop-mapreduce-client-core-2.7.3.jar
hadoop-mapreduce-client-hs-2.7.3.jar
hadoop-mapreduce-client-hs-plugins-2.7.3.jar
hadoop-mapreduce-client-jobclient-2.7.3.jar
hadoop-mapreduce-client-jobclient-2.7.3-tests.jar
hadoop-mapreduce-client-shuffle-2.7.3.jar
hadoop-mapreduce-examples-2.7.3.jar
lib
lib-examples
sources
hduser@hadoopnode1:/opt/hadoop-2.7.3/share/hadoop/mapreduce$ hadoop jar hadoop-mapreduce-examples-2.7.3.jar pi 16 1000
Number of Maps  = 16
Samples per Map = 1000
Java HotSpot(TM) Client VM warning: You have loaded library /opt/hadoop-2.7.3/lib/native/libhadoop.so.1.0.0 which might have disabled stack guard. The VM will try to fix the stack guard now.
It's highly recommended that you fix the library with 'execstack -c <libfile>', or link it with '-z noexecstack'.
17/04/16 11:19:12 WARN util.NativeCodeLoader: Unable to load native-hadoop library for your platform... using builtin-java classes where applicable
Wrote input for Map #0
Wrote input for Map #1
Wrote input for Map #2
Wrote input for Map #3
Wrote input for Map #4
Wrote input for Map #5
Wrote input for Map #6
Wrote input for Map #7
Wrote input for Map #8
Wrote input for Map #9
Wrote input for Map #10
Wrote input for Map #11
Wrote input for Map #12
Wrote input for Map #13
Wrote input for Map #14
Wrote input for Map #15
Starting Job
17/04/16 11:19:21 INFO client.RMProxy: Connecting to ResourceManager at hadoopnode1/192.168.0.110:8050
org.apache.hadoop.fs.FileAlreadyExistsException: Parent path is not a directory: /tmp hadoop-yarn
	at org.apache.hadoop.hdfs.server.namenode.FSDirMkdirOp.unprotectedMkdir(FSDirMkdirOp.java:231)
	at org.apache.hadoop.hdfs.server.namenode.FSDirMkdirOp.createSingleDirectory(FSDirMkdirOp.java:191)
	at org.apache.hadoop.hdfs.server.namenode.FSDirMkdirOp.createChildrenDirectories(FSDirMkdirOp.java:166)
	at org.apache.hadoop.hdfs.server.namenode.FSDirMkdirOp.mkdirs(FSDirMkdirOp.java:90)
	at org.apache.hadoop.hdfs.server.namenode.FSNamesystem.mkdirs(FSNamesystem.java:3896)
	at org.apache.hadoop.hdfs.server.namenode.NameNodeRpcServer.mkdirs(NameNodeRpcServer.java:984)
	at org.apache.hadoop.hdfs.protocolPB.ClientNamenodeProtocolServerSideTranslatorPB.mkdirs(ClientNamenodeProtocolServerSideTranslatorPB.java:622)
	at org.apache.hadoop.hdfs.protocol.proto.ClientNamenodeProtocolProtos$ClientNamenodeProtocol$2.callBlockingMethod(ClientNamenodeProtocolProtos.java)
	at org.apache.hadoop.ipc.ProtobufRpcEngine$Server$ProtoBufRpcInvoker.call(ProtobufRpcEngine.java:616)
	at org.apache.hadoop.ipc.RPC$Server.call(RPC.java:982)
	at org.apache.hadoop.ipc.Server$Handler$1.run(Server.java:2049)
	at org.apache.hadoop.ipc.Server$Handler$1.run(Server.java:2045)
	at java.security.AccessController.doPrivileged(Native Method)
	at javax.security.auth.Subject.doAs(Subject.java:422)
	at org.apache.hadoop.security.UserGroupInformation.doAs(UserGroupInformation.java:1698)
	at org.apache.hadoop.ipc.Server$Handler.run(Server.java:2043)

	at sun.reflect.NativeConstructorAccessorImpl.newInstance0(Native Method)
	at sun.reflect.NativeConstructorAccessorImpl.newInstance(NativeConstructorAccessorImpl.java:62)
	at sun.reflect.DelegatingConstructorAccessorImpl.newInstance(DelegatingConstructorAccessorImpl.java:45)
	at java.lang.reflect.Constructor.newInstance(Constructor.java:423)
	at org.apache.hadoop.ipc.RemoteException.instantiateException(RemoteException.java:106)
	at org.apache.hadoop.ipc.RemoteException.unwrapRemoteException(RemoteException.java:73)
	at org.apache.hadoop.hdfs.DFSClient.primitiveMkdir(DFSClient.java:3002)
	at org.apache.hadoop.hdfs.DFSClient.mkdirs(DFSClient.java:2970)
	at org.apache.hadoop.hdfs.DistributedFileSystem$21.doCall(DistributedFileSystem.java:1047)
	at org.apache.hadoop.hdfs.DistributedFileSystem$21.doCall(DistributedFileSystem.java:1043)
	at org.apache.hadoop.fs.FileSystemLinkResolver.resolve(FileSystemLinkResolver.java:81)
	at org.apache.hadoop.hdfs.DistributedFileSystem.mkdirsInternal(DistributedFileSystem.java:1043)
	at org.apache.hadoop.hdfs.DistributedFileSystem.mkdirs(DistributedFileSystem.java:1036)
	at org.apache.hadoop.mapreduce.JobSubmissionFiles.getStagingDir(JobSubmissionFiles.java:133)
	at org.apache.hadoop.mapreduce.JobSubmitter.submitJobInternal(JobSubmitter.java:144)
	at org.apache.hadoop.mapreduce.Job$10.run(Job.java:1290)
	at org.apache.hadoop.mapreduce.Job$10.run(Job.java:1287)
	at java.security.AccessController.doPrivileged(Native Method)
	at javax.security.auth.Subject.doAs(Subject.java:422)
	at org.apache.hadoop.security.UserGroupInformation.doAs(UserGroupInformation.java:1698)
	at org.apache.hadoop.mapreduce.Job.submit(Job.java:1287)
	at org.apache.hadoop.mapreduce.Job.waitForCompletion(Job.java:1308)
	at org.apache.hadoop.examples.QuasiMonteCarlo.estimatePi(QuasiMonteCarlo.java:306)
	at org.apache.hadoop.examples.QuasiMonteCarlo.run(QuasiMonteCarlo.java:354)
	at org.apache.hadoop.util.ToolRunner.run(ToolRunner.java:70)
	at org.apache.hadoop.examples.QuasiMonteCarlo.main(QuasiMonteCarlo.java:363)
	at sun.reflect.NativeMethodAccessorImpl.invoke0(Native Method)
	at sun.reflect.NativeMethodAccessorImpl.invoke(NativeMethodAccessorImpl.java:62)
	at sun.reflect.DelegatingMethodAccessorImpl.invoke(DelegatingMethodAccessorImpl.java:43)
	at java.lang.reflect.Method.invoke(Method.java:498)
	at org.apache.hadoop.util.ProgramDriver$ProgramDescription.invoke(ProgramDriver.java:71)
	at org.apache.hadoop.util.ProgramDriver.run(ProgramDriver.java:144)
	at org.apache.hadoop.examples.ExampleDriver.main(ExampleDriver.java:74)
	at sun.reflect.NativeMethodAccessorImpl.invoke0(Native Method)
	at sun.reflect.NativeMethodAccessorImpl.invoke(NativeMethodAccessorImpl.java:62)
	at sun.reflect.DelegatingMethodAccessorImpl.invoke(DelegatingMethodAccessorImpl.java:43)
	at java.lang.reflect.Method.invoke(Method.java:498)
	at org.apache.hadoop.util.RunJar.run(RunJar.java:221)
	at org.apache.hadoop.util.RunJar.main(RunJar.java:136)
Caused by: org.apache.hadoop.ipc.RemoteException(org.apache.hadoop.fs.FileAlreadyExistsException): Parent path is not a directory: /tmp hadoop-yarn
	at org.apache.hadoop.hdfs.server.namenode.FSDirMkdirOp.unprotectedMkdir(FSDirMkdirOp.java:231)
	at org.apache.hadoop.hdfs.server.namenode.FSDirMkdirOp.createSingleDirectory(FSDirMkdirOp.java:191)
	at org.apache.hadoop.hdfs.server.namenode.FSDirMkdirOp.createChildrenDirectories(FSDirMkdirOp.java:166)
	at org.apache.hadoop.hdfs.server.namenode.FSDirMkdirOp.mkdirs(FSDirMkdirOp.java:90)
	at org.apache.hadoop.hdfs.server.namenode.FSNamesystem.mkdirs(FSNamesystem.java:3896)
	at org.apache.hadoop.hdfs.server.namenode.NameNodeRpcServer.mkdirs(NameNodeRpcServer.java:984)
	at org.apache.hadoop.hdfs.protocolPB.ClientNamenodeProtocolServerSideTranslatorPB.mkdirs(ClientNamenodeProtocolServerSideTranslatorPB.java:622)
	at org.apache.hadoop.hdfs.protocol.proto.ClientNamenodeProtocolProtos$ClientNamenodeProtocol$2.callBlockingMethod(ClientNamenodeProtocolProtos.java)
	at org.apache.hadoop.ipc.ProtobufRpcEngine$Server$ProtoBufRpcInvoker.call(ProtobufRpcEngine.java:616)
	at org.apache.hadoop.ipc.RPC$Server.call(RPC.java:982)
	at org.apache.hadoop.ipc.Server$Handler$1.run(Server.java:2049)
	at org.apache.hadoop.ipc.Server$Handler$1.run(Server.java:2045)
	at java.security.AccessController.doPrivileged(Native Method)
	at javax.security.auth.Subject.doAs(Subject.java:422)
	at org.apache.hadoop.security.UserGroupInformation.doAs(UserGroupInformation.java:1698)
	at org.apache.hadoop.ipc.Server$Handler.run(Server.java:2043)

	at org.apache.hadoop.ipc.Client.call(Client.java:1475)
	at org.apache.hadoop.ipc.Client.call(Client.java:1412)
	at org.apache.hadoop.ipc.ProtobufRpcEngine$Invoker.invoke(ProtobufRpcEngine.java:229)
	at com.sun.proxy.$Proxy10.mkdirs(Unknown Source)
	at org.apache.hadoop.hdfs.protocolPB.ClientNamenodeProtocolTranslatorPB.mkdirs(ClientNamenodeProtocolTranslatorPB.java:558)
	at sun.reflect.NativeMethodAccessorImpl.invoke0(Native Method)
	at sun.reflect.NativeMethodAccessorImpl.invoke(NativeMethodAccessorImpl.java:62)
	at sun.reflect.DelegatingMethodAccessorImpl.invoke(DelegatingMethodAccessorImpl.java:43)
	at java.lang.reflect.Method.invoke(Method.java:498)
	at org.apache.hadoop.io.retry.RetryInvocationHandler.invokeMethod(RetryInvocationHandler.java:191)
	at org.apache.hadoop.io.retry.RetryInvocationHandler.invoke(RetryInvocationHandler.java:102)
	at com.sun.proxy.$Proxy11.mkdirs(Unknown Source)
	at org.apache.hadoop.hdfs.DFSClient.primitiveMkdir(DFSClient.java:3000)
	... 32 more
hduser@hadoopnode1:/opt/hadoop-2.7.3/share/hadoop/mapreduce$ ~/yarn jar hadoop-mapreduce-examples-2.7.3.jar pi 16 1000
-bash: /home/hduser/yarn: No such file or directory
hduser@hadoopnode1:/opt/hadoop-2.7.3/share/hadoop/mapreduce$ yarn jar hadoop-mapreduce-examples-2.7.3.jar pi 16 1000
Number of Maps  = 16
Samples per Map = 1000
Java HotSpot(TM) Client VM warning: You have loaded library /opt/hadoop-2.7.3/lib/native/libhadoop.so.1.0.0 which might have disabled stack guard. The VM will try to fix the stack guard now.
It's highly recommended that you fix the library with 'execstack -c <libfile>', or link it with '-z noexecstack'.
17/04/16 11:21:36 WARN util.NativeCodeLoader: Unable to load native-hadoop library for your platform... using builtin-java classes where applicable
Wrote input for Map #0
Wrote input for Map #1
Wrote input for Map #2
Wrote input for Map #3
Wrote input for Map #4
Wrote input for Map #5
Wrote input for Map #6
Wrote input for Map #7
Wrote input for Map #8
Wrote input for Map #9
Wrote input for Map #10
Wrote input for Map #11
Wrote input for Map #12
Wrote input for Map #13
Wrote input for Map #14
Wrote input for Map #15
Starting Job
17/04/16 11:21:45 INFO client.RMProxy: Connecting to ResourceManager at hadoopnode1/192.168.0.110:8050
org.apache.hadoop.fs.FileAlreadyExistsException: Parent path is not a directory: /tmp hadoop-yarn
	at org.apache.hadoop.hdfs.server.namenode.FSDirMkdirOp.unprotectedMkdir(FSDirMkdirOp.java:231)
	at org.apache.hadoop.hdfs.server.namenode.FSDirMkdirOp.createSingleDirectory(FSDirMkdirOp.java:191)
	at org.apache.hadoop.hdfs.server.namenode.FSDirMkdirOp.createChildrenDirectories(FSDirMkdirOp.java:166)
	at org.apache.hadoop.hdfs.server.namenode.FSDirMkdirOp.mkdirs(FSDirMkdirOp.java:90)
	at org.apache.hadoop.hdfs.server.namenode.FSNamesystem.mkdirs(FSNamesystem.java:3896)
	at org.apache.hadoop.hdfs.server.namenode.NameNodeRpcServer.mkdirs(NameNodeRpcServer.java:984)
	at org.apache.hadoop.hdfs.protocolPB.ClientNamenodeProtocolServerSideTranslatorPB.mkdirs(ClientNamenodeProtocolServerSideTranslatorPB.java:622)
	at org.apache.hadoop.hdfs.protocol.proto.ClientNamenodeProtocolProtos$ClientNamenodeProtocol$2.callBlockingMethod(ClientNamenodeProtocolProtos.java)
	at org.apache.hadoop.ipc.ProtobufRpcEngine$Server$ProtoBufRpcInvoker.call(ProtobufRpcEngine.java:616)
	at org.apache.hadoop.ipc.RPC$Server.call(RPC.java:982)
	at org.apache.hadoop.ipc.Server$Handler$1.run(Server.java:2049)
	at org.apache.hadoop.ipc.Server$Handler$1.run(Server.java:2045)
	at java.security.AccessController.doPrivileged(Native Method)
	at javax.security.auth.Subject.doAs(Subject.java:422)
	at org.apache.hadoop.security.UserGroupInformation.doAs(UserGroupInformation.java:1698)
	at org.apache.hadoop.ipc.Server$Handler.run(Server.java:2043)

	at sun.reflect.NativeConstructorAccessorImpl.newInstance0(Native Method)
	at sun.reflect.NativeConstructorAccessorImpl.newInstance(NativeConstructorAccessorImpl.java:62)
	at sun.reflect.DelegatingConstructorAccessorImpl.newInstance(DelegatingConstructorAccessorImpl.java:45)
	at java.lang.reflect.Constructor.newInstance(Constructor.java:423)
	at org.apache.hadoop.ipc.RemoteException.instantiateException(RemoteException.java:106)
	at org.apache.hadoop.ipc.RemoteException.unwrapRemoteException(RemoteException.java:73)
	at org.apache.hadoop.hdfs.DFSClient.primitiveMkdir(DFSClient.java:3002)
	at org.apache.hadoop.hdfs.DFSClient.mkdirs(DFSClient.java:2970)
	at org.apache.hadoop.hdfs.DistributedFileSystem$21.doCall(DistributedFileSystem.java:1047)
	at org.apache.hadoop.hdfs.DistributedFileSystem$21.doCall(DistributedFileSystem.java:1043)
	at org.apache.hadoop.fs.FileSystemLinkResolver.resolve(FileSystemLinkResolver.java:81)
	at org.apache.hadoop.hdfs.DistributedFileSystem.mkdirsInternal(DistributedFileSystem.java:1043)
	at org.apache.hadoop.hdfs.DistributedFileSystem.mkdirs(DistributedFileSystem.java:1036)
	at org.apache.hadoop.mapreduce.JobSubmissionFiles.getStagingDir(JobSubmissionFiles.java:133)
	at org.apache.hadoop.mapreduce.JobSubmitter.submitJobInternal(JobSubmitter.java:144)
	at org.apache.hadoop.mapreduce.Job$10.run(Job.java:1290)
	at org.apache.hadoop.mapreduce.Job$10.run(Job.java:1287)
	at java.security.AccessController.doPrivileged(Native Method)
	at javax.security.auth.Subject.doAs(Subject.java:422)
	at org.apache.hadoop.security.UserGroupInformation.doAs(UserGroupInformation.java:1698)
	at org.apache.hadoop.mapreduce.Job.submit(Job.java:1287)
	at org.apache.hadoop.mapreduce.Job.waitForCompletion(Job.java:1308)
	at org.apache.hadoop.examples.QuasiMonteCarlo.estimatePi(QuasiMonteCarlo.java:306)
	at org.apache.hadoop.examples.QuasiMonteCarlo.run(QuasiMonteCarlo.java:354)
	at org.apache.hadoop.util.ToolRunner.run(ToolRunner.java:70)
	at org.apache.hadoop.examples.QuasiMonteCarlo.main(QuasiMonteCarlo.java:363)
	at sun.reflect.NativeMethodAccessorImpl.invoke0(Native Method)
	at sun.reflect.NativeMethodAccessorImpl.invoke(NativeMethodAccessorImpl.java:62)
	at sun.reflect.DelegatingMethodAccessorImpl.invoke(DelegatingMethodAccessorImpl.java:43)
	at java.lang.reflect.Method.invoke(Method.java:498)
	at org.apache.hadoop.util.ProgramDriver$ProgramDescription.invoke(ProgramDriver.java:71)
	at org.apache.hadoop.util.ProgramDriver.run(ProgramDriver.java:144)
	at org.apache.hadoop.examples.ExampleDriver.main(ExampleDriver.java:74)
	at sun.reflect.NativeMethodAccessorImpl.invoke0(Native Method)
	at sun.reflect.NativeMethodAccessorImpl.invoke(NativeMethodAccessorImpl.java:62)
	at sun.reflect.DelegatingMethodAccessorImpl.invoke(DelegatingMethodAccessorImpl.java:43)
	at java.lang.reflect.Method.invoke(Method.java:498)
	at org.apache.hadoop.util.RunJar.run(RunJar.java:221)
	at org.apache.hadoop.util.RunJar.main(RunJar.java:136)
Caused by: org.apache.hadoop.ipc.RemoteException(org.apache.hadoop.fs.FileAlreadyExistsException): Parent path is not a directory: /tmp hadoop-yarn
	at org.apache.hadoop.hdfs.server.namenode.FSDirMkdirOp.unprotectedMkdir(FSDirMkdirOp.java:231)
	at org.apache.hadoop.hdfs.server.namenode.FSDirMkdirOp.createSingleDirectory(FSDirMkdirOp.java:191)
	at org.apache.hadoop.hdfs.server.namenode.FSDirMkdirOp.createChildrenDirectories(FSDirMkdirOp.java:166)
	at org.apache.hadoop.hdfs.server.namenode.FSDirMkdirOp.mkdirs(FSDirMkdirOp.java:90)
	at org.apache.hadoop.hdfs.server.namenode.FSNamesystem.mkdirs(FSNamesystem.java:3896)
	at org.apache.hadoop.hdfs.server.namenode.NameNodeRpcServer.mkdirs(NameNodeRpcServer.java:984)
	at org.apache.hadoop.hdfs.protocolPB.ClientNamenodeProtocolServerSideTranslatorPB.mkdirs(ClientNamenodeProtocolServerSideTranslatorPB.java:622)
	at org.apache.hadoop.hdfs.protocol.proto.ClientNamenodeProtocolProtos$ClientNamenodeProtocol$2.callBlockingMethod(ClientNamenodeProtocolProtos.java)
	at org.apache.hadoop.ipc.ProtobufRpcEngine$Server$ProtoBufRpcInvoker.call(ProtobufRpcEngine.java:616)
	at org.apache.hadoop.ipc.RPC$Server.call(RPC.java:982)
	at org.apache.hadoop.ipc.Server$Handler$1.run(Server.java:2049)
	at org.apache.hadoop.ipc.Server$Handler$1.run(Server.java:2045)
	at java.security.AccessController.doPrivileged(Native Method)
	at javax.security.auth.Subject.doAs(Subject.java:422)
	at org.apache.hadoop.security.UserGroupInformation.doAs(UserGroupInformation.java:1698)
	at org.apache.hadoop.ipc.Server$Handler.run(Server.java:2043)

	at org.apache.hadoop.ipc.Client.call(Client.java:1475)
	at org.apache.hadoop.ipc.Client.call(Client.java:1412)
	at org.apache.hadoop.ipc.ProtobufRpcEngine$Invoker.invoke(ProtobufRpcEngine.java:229)
	at com.sun.proxy.$Proxy10.mkdirs(Unknown Source)
	at org.apache.hadoop.hdfs.protocolPB.ClientNamenodeProtocolTranslatorPB.mkdirs(ClientNamenodeProtocolTranslatorPB.java:558)
	at sun.reflect.NativeMethodAccessorImpl.invoke0(Native Method)
	at sun.reflect.NativeMethodAccessorImpl.invoke(NativeMethodAccessorImpl.java:62)
	at sun.reflect.DelegatingMethodAccessorImpl.invoke(DelegatingMethodAccessorImpl.java:43)
	at java.lang.reflect.Method.invoke(Method.java:498)
	at org.apache.hadoop.io.retry.RetryInvocationHandler.invokeMethod(RetryInvocationHandler.java:191)
	at org.apache.hadoop.io.retry.RetryInvocationHandler.invoke(RetryInvocationHandler.java:102)
	at com.sun.proxy.$Proxy11.mkdirs(Unknown Source)
	at org.apache.hadoop.hdfs.DFSClient.primitiveMkdir(DFSClient.java:3000)
	... 32 more
hduser@hadoopnode1:/opt/hadoop-2.7.3/share/hadoop/mapreduce$ hdfs dfs -rm /tmp
Java HotSpot(TM) Client VM warning: You have loaded library /opt/hadoop-2.7.3/lib/native/libhadoop.so.1.0.0 which might have disabled stack guard. The VM will try to fix the stack guard now.
It's highly recommended that you fix the library with 'execstack -c <libfile>', or link it with '-z noexecstack'.
17/04/16 11:22:55 WARN util.NativeCodeLoader: Unable to load native-hadoop library for your platform... using builtin-java classes where applicable
17/04/16 11:23:01 INFO fs.TrashPolicyDefault: Namenode trash configuration: Deletion interval = 0 minutes, Emptier interval = 0 minutes.
Deleted /tmp
hduser@hadoopnode1:/opt/hadoop-2.7.3/share/hadoop/mapreduce$ hdfs dfs -ls -R /
Java HotSpot(TM) Client VM warning: You have loaded library /opt/hadoop-2.7.3/lib/native/libhadoop.so.1.0.0 which might have disabled stack guard. The VM will try to fix the stack guard now.
It's highly recommended that you fix the library with 'execstack -c <libfile>', or link it with '-z noexecstack'.
17/04/16 11:23:17 WARN util.NativeCodeLoader: Unable to load native-hadoop library for your platform... using builtin-java classes where applicable
drwxr-xr-x   - hduser supergroup          0 2017-04-16 10:52 /gutenberg
-rw-r--r--   2 hduser supergroup    1111193 2017-04-16 10:50 /gutenberg/Homer_Iliad_1873.txt
-rw-r--r--   2 hduser supergroup     866960 2017-04-16 10:52 /gutenberg/SocietyInFrance_Tocqueville.txt
drwxr-xr-x   - hduser supergroup          0 2017-04-16 11:19 /user
drwxr-xr-x   - hduser supergroup          0 2017-04-16 11:21 /user/hduser
hduser@hadoopnode1:/opt/hadoop-2.7.3/share/hadoop/mapreduce$ yarn jar hadoop-mapreduce-examples-2.7.3.jar pi 16 1000
Number of Maps  = 16
Samples per Map = 1000
Java HotSpot(TM) Client VM warning: You have loaded library /opt/hadoop-2.7.3/lib/native/libhadoop.so.1.0.0 which might have disabled stack guard. The VM will try to fix the stack guard now.
It's highly recommended that you fix the library with 'execstack -c <libfile>', or link it with '-z noexecstack'.
17/04/16 11:23:52 WARN util.NativeCodeLoader: Unable to load native-hadoop library for your platform... using builtin-java classes where applicable
Wrote input for Map #0
Wrote input for Map #1
Wrote input for Map #2
Wrote input for Map #3
Wrote input for Map #4
Wrote input for Map #5
Wrote input for Map #6
Wrote input for Map #7
Wrote input for Map #8
Wrote input for Map #9
Wrote input for Map #10
Wrote input for Map #11
Wrote input for Map #12
Wrote input for Map #13
Wrote input for Map #14
Wrote input for Map #15
Starting Job
17/04/16 11:24:02 INFO client.RMProxy: Connecting to ResourceManager at hadoopnode1/192.168.0.110:8050
17/04/16 11:24:05 INFO input.FileInputFormat: Total input paths to process : 16
17/04/16 11:24:05 INFO mapreduce.JobSubmitter: number of splits:16
17/04/16 11:24:06 INFO mapreduce.JobSubmitter: Submitting tokens for job: job_1492355703655_0001
17/04/16 11:24:09 INFO impl.YarnClientImpl: Submitted application application_1492355703655_0001
17/04/16 11:24:09 INFO mapreduce.Job: The url to track the job: http://hadoopnode1:8088/proxy/application_1492355703655_0001/
17/04/16 11:24:09 INFO mapreduce.Job: Running job: job_1492355703655_0001
17/04/16 11:24:55 INFO mapreduce.Job: Job job_1492355703655_0001 running in uber mode : false
17/04/16 11:24:55 INFO mapreduce.Job:  map 0% reduce 0%

