Last login: Mon Apr  3 15:14:51 on ttys000
ASPs-MacBook-Pro:~ asp$ ssh pi@orangepione.local
ssh: Could not resolve hostname orangepione.local: nodename nor servname provided, or not known
ASPs-MacBook-Pro:~ asp$ ssh pi@192.168.0.108
pi@192.168.0.108's password: 
Permission denied, please try again.
pi@192.168.0.108's password: 
Permission denied, please try again.
pi@192.168.0.108's password: 
Permission denied (publickey,password).
ASPs-MacBook-Pro:~ asp$ ssh asp@192.168.0.108
asp@192.168.0.108's password: 
  ___                               ____  _    ___             
 / _ \ _ __ __ _ _ __   __ _  ___  |  _ \(_)  / _ \ _ __   ___ 
| | | | '__/ _` | '_ \ / _` |/ _ \ | |_) | | | | | | '_ \ / _ \
| |_| | | | (_| | | | | (_| |  __/ |  __/| | | |_| | | | |  __/
 \___/|_|  \__,_|_| |_|\__, |\___| |_|   |_|  \___/|_| |_|\___|
                       |___/                                   

Welcome to ARMBIAN 5.25 stable Debian GNU/Linux 8 (jessie) 3.4.113-sun8i   
System load:   0.01            	Up time:       3 min		
Memory usage:  10 % of 494Mb  	IP:            192.168.0.108
CPU temp:      39Â°C           	
Usage of /:    8% of 15G    	

Last login: Fri Mar 31 00:04:56 2017 from 192.168.0.104
asp@orangepione:~$ java
-bash: java: command not found
asp@orangepione:~$ which java
asp@orangepione:~$ cd /
asp@orangepione:/$ ls
bin   dev  home  lost+found  mnt  proc  run   selinux  sys  usr
boot  etc  lib   media       opt  root  sbin  srv      tmp  var
asp@orangepione:/$ ls bin
bash           fusermount   nc.traditional    stty
bunzip2        getfacl      netcat            su
bzcat          grep         netstat           sync
bzcmp          gunzip       nisdomainname     systemctl
bzdiff         gzexe        ntfs-3g           systemd
bzegrep        gzip         ntfs-3g.probe     systemd-ask-password
bzexe          hciconfig    ntfs-3g.secaudit  systemd-escape
bzfgrep        hostname     ntfs-3g.usermap   systemd-inhibit
bzgrep         ip           ntfscat           systemd-machine-id-setup
bzip2          journalctl   ntfscluster       systemd-notify
bzip2recover   kbd_mode     ntfscmp           systemd-tmpfiles
bzless         kill         ntfsfallocate     systemd-tty-ask-password-agent
bzmore         kmod         ntfsfix           tailf
cat            less         ntfsinfo          tar
chacl          lessecho     ntfsls            tempfile
chgrp          lessfile     ntfsmove          touch
chmod          lesskey      ntfstruncate      true
chown          lesspipe     ntfswipe          udevadm
chvt           ln           open              ulockmgr_server
con2fbmap      loadkeys     openvt            umount
cp             login        pidof             uname
cpio           loginctl     ping              uncompress
dash           lowntfs-3g   ping6             unicode_start
date           ls           ps                vdir
dd             lsblk        pwd               wdctl
df             lsmod        rbash             which
dir            machinectl   readlink          ypdomainname
dmesg          mkdir        rm                zcat
dnsdomainname  mknod        rmdir             zcmp
domainname     mktemp       rnano             zdiff
dumpkeys       modeline2fb  run-parts         zegrep
echo           more         sed               zfgrep
egrep          mount        setfacl           zforce
false          mountpoint   setfont           zgrep
fbset          mt           setupcon          zless
fgconsole      mt-gnu       sh                zmore
fgrep          mv           sh.distrib        znew
findmnt        nano         sleep
fuser          nc           ss
asp@orangepione:/$ OpenJDK
-bash: OpenJDK: command not found
asp@orangepione:/$ whereis java
java:
asp@orangepione:/$ uname
Linux
asp@orangepione:/$ man unam
No manual entry for unam
asp@orangepione:/$ man uname
asp@orangepione:/$ uname -a
Linux orangepione 3.4.113-sun8i #10 SMP PREEMPT Thu Feb 23 19:55:00 CET 2017 armv7l GNU/Linux
asp@orangepione:/$ grep flags /proc/cpuinfo
asp@orangepione:/$ cpuinfo
-bash: cpuinfo: command not found
asp@orangepione:/$ ls /proc
1    182  29  41   58   74   asound     driver       kpageflags    slabinfo       uptime
10   183  3   42   59   745  atags      execdomains  loadavg       softirqs       version
11   19   30  455  6    75   buddyinfo  fb           locks         sram           vmallocinfo
12   2    31  456  623  761  bus        filesystems  meminfo       stat           vmstat
13   20   32  457  661  763  cgroups    fs           misc          sunxi_ion      zoneinfo
135  21   33  458  67   764  cmdline    interrupts   modules       swaps
136  22   34  462  689  8    config.gz  iomem        mounts        sys
14   23   35  464  69   846  consoles   ioports      net           sysrq-trigger
15   24   36  465  692  847  cpu        irq          pagetypeinfo  sysvipc
16   25   37  5    7    9    cpuinfo    kallsyms     partitions    timer_list
17   26   38  509  71   906  crypto     key-users    schedstat     timer_stats
177  27   39  550  72   98   devices    kmsg         scsi          tty
18   28   40  57   73   apm  diskstats  kpagecount   self          uid_stat
asp@orangepione:/$ ls /proc/cpuinfo
/proc/cpuinfo
asp@orangepione:/$ cat /proc/cpuinfo
Processor	: ARMv7 Processor rev 5 (v7l)
processor	: 0
BogoMIPS	: 2285.71

processor	: 1
BogoMIPS	: 2285.71

processor	: 2
BogoMIPS	: 2285.71

processor	: 3
BogoMIPS	: 2285.71

Features	: swp half thumb fastmult vfp edsp thumbee neon vfpv3 tls vfpv4 idiva idivt 
CPU implementer	: 0x41
CPU architecture: 7
CPU variant	: 0x0
CPU part	: 0xc07
CPU revision	: 5

Hardware	: sun8i
Revision	: 0000
Serial		: 24005035c50c602a05ce
asp@orangepione:/$ wget
wget: missing URL
Usage: wget [OPTION]... [URL]...

Try `wget --help' for more options.
asp@orangepione:/$ wget --help
GNU Wget 1.16, a non-interactive network retriever.
Usage: wget [OPTION]... [URL]...

Mandatory arguments to long options are mandatory for short options too.

Startup:
  -V,  --version                   display the version of Wget and exit.
  -h,  --help                      print this help.
  -b,  --background                go to background after startup.
  -e,  --execute=COMMAND           execute a `.wgetrc'-style command.

Logging and input file:
  -o,  --output-file=FILE          log messages to FILE.
  -a,  --append-output=FILE        append messages to FILE.
  -d,  --debug                     print lots of debugging information.
  -q,  --quiet                     quiet (no output).
  -v,  --verbose                   be verbose (this is the default).
  -nv, --no-verbose                turn off verboseness, without being quiet.
       --report-speed=TYPE         Output bandwidth as TYPE.  TYPE can be bits.
  -i,  --input-file=FILE           download URLs found in local or external FILE.
  -F,  --force-html                treat input file as HTML.
  -B,  --base=URL                  resolves HTML input-file links (-i -F)
                                   relative to URL.
       --config=FILE               Specify config file to use.
       --no-config                 Do not read any config file.

Download:
  -t,  --tries=NUMBER              set number of retries to NUMBER (0 unlimits).
       --retry-connrefused         retry even if connection is refused.
  -O,  --output-document=FILE      write documents to FILE.
  -nc, --no-clobber                skip downloads that would download to
                                   existing files (overwriting them).
  -c,  --continue                  resume getting a partially-downloaded file.
       --start-pos=OFFSET          start downloading from zero-based position OFFSET.
       --progress=TYPE             select progress gauge type.
       --show-progress             display the progress bar in any verbosity mode.
  -N,  --timestamping              don't re-retrieve files unless newer than
                                   local.
  --no-use-server-timestamps       don't set the local file's timestamp by
                                   the one on the server.
  -S,  --server-response           print server response.
       --spider                    don't download anything.
  -T,  --timeout=SECONDS           set all timeout values to SECONDS.
       --dns-timeout=SECS          set the DNS lookup timeout to SECS.
       --connect-timeout=SECS      set the connect timeout to SECS.
       --read-timeout=SECS         set the read timeout to SECS.
  -w,  --wait=SECONDS              wait SECONDS between retrievals.
       --waitretry=SECONDS         wait 1..SECONDS between retries of a retrieval.
       --random-wait               wait from 0.5*WAIT...1.5*WAIT secs between retrievals.
       --no-proxy                  explicitly turn off proxy.
  -Q,  --quota=NUMBER              set retrieval quota to NUMBER.
       --bind-address=ADDRESS      bind to ADDRESS (hostname or IP) on local host.
       --limit-rate=RATE           limit download rate to RATE.
       --no-dns-cache              disable caching DNS lookups.
       --restrict-file-names=OS    restrict chars in file names to ones OS allows.
       --ignore-case               ignore case when matching files/directories.
  -4,  --inet4-only                connect only to IPv4 addresses.
  -6,  --inet6-only                connect only to IPv6 addresses.
       --prefer-family=FAMILY      connect first to addresses of specified family,
                                   one of IPv6, IPv4, or none.
       --user=USER                 set both ftp and http user to USER.
       --password=PASS             set both ftp and http password to PASS.
       --ask-password              prompt for passwords.
       --no-iri                    turn off IRI support.
       --local-encoding=ENC        use ENC as the local encoding for IRIs.
       --remote-encoding=ENC       use ENC as the default remote encoding.
       --unlink                    remove file before clobber.

Directories:
  -nd, --no-directories            don't create directories.
  -x,  --force-directories         force creation of directories.
  -nH, --no-host-directories       don't create host directories.
       --protocol-directories      use protocol name in directories.
  -P,  --directory-prefix=PREFIX   save files to PREFIX/...
       --cut-dirs=NUMBER           ignore NUMBER remote directory components.

HTTP options:
       --http-user=USER            set http user to USER.
       --http-password=PASS        set http password to PASS.
       --no-cache                  disallow server-cached data.
       --default-page=NAME         Change the default page name (normally
                                   this is `index.html'.).
  -E,  --adjust-extension          save HTML/CSS documents with proper extensions.
       --ignore-length             ignore `Content-Length' header field.
       --header=STRING             insert STRING among the headers.
       --max-redirect              maximum redirections allowed per page.
       --proxy-user=USER           set USER as proxy username.
       --proxy-password=PASS       set PASS as proxy password.
       --referer=URL               include `Referer: URL' header in HTTP request.
       --save-headers              save the HTTP headers to file.
  -U,  --user-agent=AGENT          identify as AGENT instead of Wget/VERSION.
       --no-http-keep-alive        disable HTTP keep-alive (persistent connections).
       --no-cookies                don't use cookies.
       --load-cookies=FILE         load cookies from FILE before session.
       --save-cookies=FILE         save cookies to FILE after session.
       --keep-session-cookies      load and save session (non-permanent) cookies.
       --post-data=STRING          use the POST method; send STRING as the data.
       --post-file=FILE            use the POST method; send contents of FILE.
       --method=HTTPMethod         use method "HTTPMethod" in the request.
       --body-data=STRING          Send STRING as data. --method MUST be set.
       --body-file=FILE            Send contents of FILE. --method MUST be set.
       --content-disposition       honor the Content-Disposition header when
                                   choosing local file names (EXPERIMENTAL).
       --content-on-error          output the received content on server errors.
       --auth-no-challenge         send Basic HTTP authentication information
                                   without first waiting for the server's
                                   challenge.

HTTPS (SSL/TLS) options:
       --secure-protocol=PR        choose secure protocol, one of auto, SSLv2,
                                   SSLv3, TLSv1 and PFS.
       --https-only                only follow secure HTTPS links
       --no-check-certificate      don't validate the server's certificate.
       --certificate=FILE          client certificate file.
       --certificate-type=TYPE     client certificate type, PEM or DER.
       --private-key=FILE          private key file.
       --private-key-type=TYPE     private key type, PEM or DER.
       --ca-certificate=FILE       file with the bundle of CA's.
       --ca-directory=DIR          directory where hash list of CA's is stored.
       --random-file=FILE          file with random data for seeding the SSL PRNG.
       --egd-file=FILE             file naming the EGD socket with random data.

FTP options:
       --ftp-user=USER             set ftp user to USER.
       --ftp-password=PASS         set ftp password to PASS.
       --no-remove-listing         don't remove `.listing' files.
       --no-glob                   turn off FTP file name globbing.
       --no-passive-ftp            disable the "passive" transfer mode.
       --preserve-permissions      preserve remote file permissions.
       --retr-symlinks             when recursing, get linked-to files (not dir).

WARC options:
       --warc-file=FILENAME        save request/response data to a .warc.gz file.
       --warc-header=STRING        insert STRING into the warcinfo record.
       --warc-max-size=NUMBER      set maximum size of WARC files to NUMBER.
       --warc-cdx                  write CDX index files.
       --warc-dedup=FILENAME       do not store records listed in this CDX file.
       --no-warc-compression       do not compress WARC files with GZIP.
       --no-warc-digests           do not calculate SHA1 digests.
       --no-warc-keep-log          do not store the log file in a WARC record.
       --warc-tempdir=DIRECTORY    location for temporary files created by the
                                   WARC writer.

Recursive download:
  -r,  --recursive                 specify recursive download.
  -l,  --level=NUMBER              maximum recursion depth (inf or 0 for infinite).
       --delete-after              delete files locally after downloading them.
  -k,  --convert-links             make links in downloaded HTML or CSS point to
                                   local files.
       --backups=N                 before writing file X, rotate up to N backup files.
  -K,  --backup-converted          before converting file X, back up as X.orig.
  -m,  --mirror                    shortcut for -N -r -l inf --no-remove-listing.
  -p,  --page-requisites           get all images, etc. needed to display HTML page.
       --strict-comments           turn on strict (SGML) handling of HTML comments.

Recursive accept/reject:
  -A,  --accept=LIST               comma-separated list of accepted extensions.
  -R,  --reject=LIST               comma-separated list of rejected extensions.
       --accept-regex=REGEX        regex matching accepted URLs.
       --reject-regex=REGEX        regex matching rejected URLs.
       --regex-type=TYPE           regex type (posix).
  -D,  --domains=LIST              comma-separated list of accepted domains.
       --exclude-domains=LIST      comma-separated list of rejected domains.
       --follow-ftp                follow FTP links from HTML documents.
       --follow-tags=LIST          comma-separated list of followed HTML tags.
       --ignore-tags=LIST          comma-separated list of ignored HTML tags.
  -H,  --span-hosts                go to foreign hosts when recursive.
  -L,  --relative                  follow relative links only.
  -I,  --include-directories=LIST  list of allowed directories.
       --trust-server-names        use the name specified by the redirection
                                   url last component.
  -X,  --exclude-directories=LIST  list of excluded directories.
  -np, --no-parent                 don't ascend to the parent directory.

Mail bug reports and suggestions to <bug-wget@gnu.org>.
asp@orangepione:/$ wget
wget: missing URL
Usage: wget [OPTION]... [URL]...

Try `wget --help' for more options.
asp@orangepione:/$ man wget
asp@orangepione:/$ wget http://download.oracle.com/otn-pub/java/jdk/8u121-b13/e9e7ea248e2c4826b92b3f075a80e441/jdk-8u121-linux-arm32-vfp-hflt.tar.gz
--2017-04-04 22:24:07--  http://download.oracle.com/otn-pub/java/jdk/8u121-b13/e9e7ea248e2c4826b92b3f075a80e441/jdk-8u121-linux-arm32-vfp-hflt.tar.gz
Resolving download.oracle.com (download.oracle.com)... 204.2.193.138, 204.2.193.137
Connecting to download.oracle.com (download.oracle.com)|204.2.193.138|:80... connected.
HTTP request sent, awaiting response... 302 Moved Temporarily
Location: https://edelivery.oracle.com/otn-pub/java/jdk/8u121-b13/e9e7ea248e2c4826b92b3f075a80e441/jdk-8u121-linux-arm32-vfp-hflt.tar.gz [following]
--2017-04-04 22:24:07--  https://edelivery.oracle.com/otn-pub/java/jdk/8u121-b13/e9e7ea248e2c4826b92b3f075a80e441/jdk-8u121-linux-arm32-vfp-hflt.tar.gz
Resolving edelivery.oracle.com (edelivery.oracle.com)... 23.43.234.201, 2600:1404:a:394::2d3e, 2600:1404:a:388::2d3e
Connecting to edelivery.oracle.com (edelivery.oracle.com)|23.43.234.201|:443... connected.
HTTP request sent, awaiting response... 302 Moved Temporarily
Location: http://download.oracle.com/errors/download-fail-1505220.html [following]
--2017-04-04 22:24:08--  http://download.oracle.com/errors/download-fail-1505220.html
Connecting to download.oracle.com (download.oracle.com)|204.2.193.138|:80... connected.
HTTP request sent, awaiting response... 200 OK
Length: 5307 (5.2K) [text/html]
jdk-8u121-linux-arm32-vfp-hflt.tar.gz: Permission denied

Cannot write to âjdk-8u121-linux-arm32-vfp-hflt.tar.gzâ (Permission denied).
asp@orangepione:/$ cd ~
asp@orangepione:~$ ls
asp@orangepione:~$ ls
asp@orangepione:~$ pwd
/home/asp
asp@orangepione:~$ wget http://download.oracle.com/otn-pub/java/jdk/8u121-b13/e9e7ea248e2c4826b92b3f075a80e441/jdk-8u121-linux-arm32-vfp-hflt.tar.gz
--2017-04-04 22:24:36--  http://download.oracle.com/otn-pub/java/jdk/8u121-b13/e9e7ea248e2c4826b92b3f075a80e441/jdk-8u121-linux-arm32-vfp-hflt.tar.gz
Resolving download.oracle.com (download.oracle.com)... 204.2.193.138, 204.2.193.137
Connecting to download.oracle.com (download.oracle.com)|204.2.193.138|:80... connected.
HTTP request sent, awaiting response... 302 Moved Temporarily
Location: https://edelivery.oracle.com/otn-pub/java/jdk/8u121-b13/e9e7ea248e2c4826b92b3f075a80e441/jdk-8u121-linux-arm32-vfp-hflt.tar.gz [following]
--2017-04-04 22:24:36--  https://edelivery.oracle.com/otn-pub/java/jdk/8u121-b13/e9e7ea248e2c4826b92b3f075a80e441/jdk-8u121-linux-arm32-vfp-hflt.tar.gz
Resolving edelivery.oracle.com (edelivery.oracle.com)... 23.43.234.201, 2600:1404:a:394::2d3e, 2600:1404:a:388::2d3e
Connecting to edelivery.oracle.com (edelivery.oracle.com)|23.43.234.201|:443... connected.
HTTP request sent, awaiting response... 302 Moved Temporarily
Location: http://download.oracle.com/errors/download-fail-1505220.html [following]
--2017-04-04 22:24:37--  http://download.oracle.com/errors/download-fail-1505220.html
Connecting to download.oracle.com (download.oracle.com)|204.2.193.138|:80... connected.
HTTP request sent, awaiting response... 200 OK
Length: 5307 (5.2K) [text/html]
Saving to: âjdk-8u121-linux-arm32-vfp-hflt.tar.gzâ

jdk-8u121-linux-arm32-v 100%[================================>]   5.18K  --.-KB/s   in 0s     

2017-04-04 22:24:37 (111 MB/s) - âjdk-8u121-linux-arm32-vfp-hflt.tar.gzâ saved [5307/5307]

asp@orangepione:~$ ls
jdk-8u121-linux-arm32-vfp-hflt.tar.gz
asp@orangepione:~$ 
